// Jest Snapshot v1, https://goo.gl/fbAQLP

exports[`Logo component should render Logo component by default 1`] = `
<a
  className="root"
  href="/"
  onClick={[Function]}
>
  <span
    className="bold"
  >
    netflix
  </span>
  roulete
</a>
`;
