// Jest Snapshot v1, https://goo.gl/fbAQLP

exports[`Divider component should render Divider component by default 1`] = `
<hr
  className="root"
/>
`;
