// Jest Snapshot v1, https://goo.gl/fbAQLP

exports[`MoviesList component should render MoviesList component by default 1`] = `
<div
  className="root"
>
  <h2>
    Loading
  </h2>
</div>
`;

exports[`MoviesList component should render MoviesList component with movies 1`] = `
<div
  className="root"
>
  <h3
    className="counter"
  >
    2
     movies found
  </h3>
  <li
    className="root"
    onClick={[Function]}
  >
    <div
      className="root dropdown"
    >
      <span
        className="threeDots"
        onClick={[Function]}
      >
        ...
      </span>
    </div>
    <img
      alt="Movie 1"
      className="image"
      height={495}
      src="https://via.placeholder.com/330x450"
      width={330}
    />
    <div
      className="titleAndImageWrapper"
    >
      <h4
        className="title"
      >
        Movie 1
      </h4>
      <span
        className="year"
      >
        1999
      </span>
    </div>
    <h5
      className="genre"
    >
      <span>
         
        Documentary
         |
      </span>
    </h5>
  </li>
  <li
    className="root"
    onClick={[Function]}
  >
    <div
      className="root dropdown"
    >
      <span
        className="threeDots"
        onClick={[Function]}
      >
        ...
      </span>
    </div>
    <img
      alt="Movie 1"
      className="image"
      height={495}
      src="https://via.placeholder.com/330x450"
      width={330}
    />
    <div
      className="titleAndImageWrapper"
    >
      <h4
        className="title"
      >
        Movie 1
      </h4>
      <span
        className="year"
      >
        1999
      </span>
    </div>
    <h5
      className="genre"
    >
      <span>
         
        Documentary
         |
      </span>
    </h5>
  </li>
</div>
`;
