// Jest Snapshot v1, https://goo.gl/fbAQLP

exports[`ErrorBoundary component should render ErrorBoundary component with error 1`] = `
<div
  className="root"
>
  <h1
    className="title"
  >
    Oops, something went wrong
  </h1>
  <button
    className="root primary"
    disabled={false}
    type="button"
  >
    Home
  </button>
</div>
`;

exports[`ErrorBoundary component should render ErrorBoundary component without error 1`] = `
<div>
  Test children
</div>
`;
